// Jest Snapshot v1, https://goo.gl/fbAQLP

exports[`jest-preset-react should match snapshot 1`] = `
Object {
  "collectCoverageFrom": Array [
    "src/**/*.ts?(x)",
    "!src/**/__docs__/**/*",
    "!src/**/__tests__/**/*",
  ],
  "coverageThreshold": Object {
    "global": Object {
      "branches": 100,
      "functions": 100,
      "lines": 100,
      "statements": 100,
    },
  },
  "moduleFileExtensions": Array [
    "ts",
    "tsx",
    "js",
  ],
  "snapshotSerializers": Array [
    "enzyme-to-json/serializer",
  ],
  "testEnvironment": "jsdom",
  "testMatch": Array [
    "**/*.spec.ts?(x)",
  ],
  "transform": Object {
    "^.+\\\\.(ts|tsx)$": "babel-jest",
  },
}
`;
