// Jest Snapshot v1, https://goo.gl/fbAQLP

exports[`eslint-config-react-native should properly extend parent rules: env 1`] = `
Object {
  "browser": false,
  "es6": true,
  "node": false,
  "react-native/react-native": true,
}
`;

exports[`eslint-config-react-native should properly extend parent rules: extends 1`] = `
Array [
  "node_modules/eslint-config-airbnb-base/rules/best-practices.js",
  "node_modules/eslint-config-airbnb-base/rules/errors.js",
  "node_modules/eslint-config-airbnb-base/rules/node.js",
  "node_modules/eslint-config-airbnb-base/rules/style.js",
  "node_modules/eslint-config-airbnb-base/rules/variables.js",
  "node_modules/eslint-config-airbnb-base/rules/es6.js",
  "node_modules/eslint-config-airbnb-base/rules/imports.js",
  "node_modules/eslint-config-airbnb-base/index.js",
  "node_modules/eslint-config-airbnb-base/rules/strict.js",
  "node_modules/eslint-config-airbnb/rules/react.js",
  "node_modules/eslint-config-airbnb/rules/react-a11y.js",
  "airbnb-base",
  "prettier",
  "@dc0de/eslint-config-base",
  "airbnb",
  "prettier/react",
  "@dc0de/eslint-config",
  "@dc0de/eslint-config-react",
]
`;

exports[`eslint-config-react-native should properly extend parent rules: globals 1`] = `
Object {
  "Array": false,
  "ArrayBuffer": false,
  "Blob": false,
  "Boolean": false,
  "DataView": false,
  "Date": false,
  "Error": false,
  "EvalError": false,
  "Event": false,
  "EventTarget": false,
  "File": false,
  "FileReader": false,
  "Float32Array": false,
  "Float64Array": false,
  "FormData": false,
  "Function": false,
  "Infinity": false,
  "Int16Array": false,
  "Int32Array": false,
  "Int8Array": false,
  "JSON": false,
  "Map": true,
  "Math": false,
  "NaN": false,
  "Number": false,
  "Object": false,
  "Promise": true,
  "Proxy": false,
  "RangeError": false,
  "ReferenceError": false,
  "Reflect": false,
  "RegExp": false,
  "Set": true,
  "String": false,
  "Symbol": false,
  "SyntaxError": false,
  "TypeError": false,
  "URIError": false,
  "Uint16Array": false,
  "Uint32Array": false,
  "Uint8Array": false,
  "Uint8ClampedArray": false,
  "WeakMap": false,
  "WeakSet": false,
  "WebSocket": false,
  "XMLHttpRequest": false,
  "__DEV__": false,
  "__dirname": false,
  "alert": false,
  "cancelAnimationFrame": false,
  "cancelIdleCallback": false,
  "clearImmediate": true,
  "clearInterval": false,
  "clearTimeout": false,
  "console": false,
  "constructor": false,
  "decodeURI": false,
  "decodeURIComponent": false,
  "encodeURI": false,
  "encodeURIComponent": false,
  "escape": false,
  "eval": false,
  "exports": false,
  "fetch": false,
  "global": false,
  "hasOwnProperty": false,
  "isFinite": false,
  "isNaN": false,
  "isPrototypeOf": false,
  "module": false,
  "navigator": false,
  "parseFloat": false,
  "parseInt": false,
  "process": false,
  "propertyIsEnumerable": false,
  "requestAnimationFrame": true,
  "requestIdleCallback": true,
  "require": false,
  "setImmediate": true,
  "setInterval": false,
  "setTimeout": false,
  "toLocaleString": false,
  "toString": false,
  "undefined": false,
  "unescape": false,
  "valueOf": false,
  "window": false,
}
`;

exports[`eslint-config-react-native should properly extend parent rules: parser 1`] = `
Array [
  "node_modules/eslint-config-airbnb-base/rules/best-practices.js",
  "node_modules/eslint-config-airbnb-base/rules/errors.js",
  "node_modules/eslint-config-airbnb-base/rules/node.js",
  "node_modules/eslint-config-airbnb-base/rules/style.js",
  "node_modules/eslint-config-airbnb-base/rules/variables.js",
  "node_modules/eslint-config-airbnb-base/rules/es6.js",
  "node_modules/eslint-config-airbnb-base/rules/imports.js",
  "node_modules/eslint-config-airbnb-base/index.js",
  "node_modules/eslint-config-airbnb-base/rules/strict.js",
  "node_modules/eslint-config-airbnb/rules/react.js",
  "node_modules/eslint-config-airbnb/rules/react-a11y.js",
  "airbnb-base",
  "prettier",
  "@dc0de/eslint-config-base",
  "airbnb",
  "prettier/react",
  "@dc0de/eslint-config",
  "@dc0de/eslint-config-react",
]
`;

exports[`eslint-config-react-native should properly extend parent rules: parserOptions 1`] = `
Object {
  "ecmaFeatures": Object {
    "experimentalObjectRestSpread": true,
    "generators": false,
    "jsx": true,
    "objectLiteralDuplicateProperties": false,
  },
  "ecmaVersion": 2018,
  "sourceType": "module",
}
`;

exports[`eslint-config-react-native should properly extend parent rules: plugins 1`] = `
Array [
  "import",
  "react",
  "jsx-a11y",
  "typescript",
  "react-native",
]
`;

exports[`eslint-config-react-native should properly extend parent rules: rules 1`] = `
Object {
  "accessor-pairs": "off",
  "array-bracket-newline": Array [
    "off",
    "consistent",
  ],
  "array-bracket-spacing": Array [
    "off",
    "never",
  ],
  "array-callback-return": "error",
  "array-element-newline": Array [
    "off",
    Object {
      "minItems": 3,
      "multiline": true,
    },
  ],
  "arrow-body-style": Array [
    "error",
    "as-needed",
    Object {
      "requireReturnForObjectLiteral": false,
    },
  ],
  "arrow-parens": Array [
    "off",
    "as-needed",
    Object {
      "requireForBlockBody": true,
    },
  ],
  "arrow-spacing": Array [
    "off",
    Object {
      "after": true,
      "before": true,
    },
  ],
  "block-scoped-var": "error",
  "block-spacing": Array [
    "off",
    "always",
  ],
  "brace-style": Array [
    "off",
    "1tbs",
    Object {
      "allowSingleLine": true,
    },
  ],
  "callback-return": "off",
  "camelcase": Array [
    "error",
    Object {
      "properties": "never",
    },
  ],
  "capitalized-comments": Array [
    "off",
    "never",
    Object {
      "block": Object {
        "ignoreConsecutiveComments": true,
        "ignoreInlineComments": true,
        "ignorePattern": ".*",
      },
      "line": Object {
        "ignoreConsecutiveComments": true,
        "ignoreInlineComments": true,
        "ignorePattern": ".*",
      },
    },
  ],
  "class-methods-use-this": Array [
    "off",
    Object {},
  ],
  "comma-dangle": Array [
    "off",
    Object {
      "arrays": "always-multiline",
      "exports": "always-multiline",
      "functions": "always-multiline",
      "imports": "always-multiline",
      "objects": "always-multiline",
    },
  ],
  "comma-spacing": Array [
    "off",
    Object {
      "after": true,
      "before": false,
    },
  ],
  "comma-style": Array [
    "off",
    "last",
  ],
  "complexity": Array [
    "off",
    11,
  ],
  "computed-property-spacing": Array [
    "off",
    "never",
  ],
  "consistent-return": "off",
  "consistent-this": "off",
  "constructor-super": "error",
  "curly": Array [
    0,
    "multi-line",
  ],
  "default-case": Array [
    "error",
    Object {
      "commentPattern": "^no default$",
    },
  ],
  "dot-location": Array [
    "off",
    "property",
  ],
  "dot-notation": Array [
    "error",
    Object {
      "allowKeywords": true,
    },
  ],
  "eol-last": Array [
    "off",
    "always",
  ],
  "eqeqeq": Array [
    "error",
    "always",
    Object {
      "null": "ignore",
    },
  ],
  "for-direction": "error",
  "func-call-spacing": Array [
    "off",
    "never",
  ],
  "func-name-matching": Array [
    "off",
    "always",
    Object {
      "includeCommonJSModuleExports": false,
    },
  ],
  "func-names": "warn",
  "func-style": Array [
    "off",
    "expression",
  ],
  "function-paren-newline": Array [
    "off",
    "multiline",
  ],
  "generator-star": "off",
  "generator-star-spacing": Array [
    "off",
    Object {
      "after": true,
      "before": false,
    },
  ],
  "getter-return": Array [
    "error",
    Object {
      "allowImplicit": true,
    },
  ],
  "global-require": "error",
  "guard-for-in": "error",
  "handle-callback-err": "off",
  "id-blacklist": "off",
  "id-length": "off",
  "id-match": "off",
  "implicit-arrow-linebreak": "off",
  "import/default": "off",
  "import/export": "error",
  "import/extensions": Array [
    "off",
    "always",
    Object {},
  ],
  "import/first": Array [
    "off",
    "absolute-first",
  ],
  "import/imports-first": "off",
  "import/max-dependencies": Array [
    "off",
    Object {
      "max": 10,
    },
  ],
  "import/named": "off",
  "import/namespace": "off",
  "import/newline-after-import": "error",
  "import/no-absolute-path": "error",
  "import/no-amd": "error",
  "import/no-anonymous-default-export": Array [
    "off",
    Object {
      "allowAnonymousClass": false,
      "allowAnonymousFunction": false,
      "allowArray": false,
      "allowArrowFunction": false,
      "allowLiteral": false,
      "allowObject": false,
    },
  ],
  "import/no-commonjs": "off",
  "import/no-deprecated": "off",
  "import/no-duplicates": "error",
  "import/no-dynamic-require": "error",
  "import/no-extraneous-dependencies": Array [
    "off",
    Object {},
  ],
  "import/no-internal-modules": Array [
    "error",
    Object {},
  ],
  "import/no-mutable-exports": "error",
  "import/no-named-as-default": "error",
  "import/no-named-as-default-member": "error",
  "import/no-named-default": "error",
  "import/no-namespace": "off",
  "import/no-nodejs-modules": "off",
  "import/no-restricted-paths": "off",
  "import/no-unassigned-import": "off",
  "import/no-unresolved": Array [
    "off",
    Object {},
  ],
  "import/no-webpack-loader-syntax": "error",
  "import/order": Array [
    "off",
    Object {
      "groups": Array [
        "builtin",
        "external",
        "internal",
        "parent",
        "sibling",
        "index",
      ],
      "newlines-between": "never",
    },
  ],
  "import/prefer-default-export": "off",
  "import/unambiguous": "off",
  "indent": Array [
    "off",
    2,
    Object {
      "ArrayExpression": 1,
      "CallExpression": Object {
        "arguments": 1,
      },
      "FunctionDeclaration": Object {
        "body": 1,
        "parameters": 1,
      },
      "FunctionExpression": Object {
        "body": 1,
        "parameters": 1,
      },
      "ImportDeclaration": 1,
      "ObjectExpression": 1,
      "SwitchCase": 1,
      "VariableDeclarator": 1,
      "flatTernaryExpressions": false,
      "ignoredNodes": Array [
        "JSXElement",
        "JSXElement *",
      ],
      "outerIIFEBody": 1,
    },
  ],
  "indent-legacy": "off",
  "init-declarations": "off",
  "jsx-a11y/accessible-emoji": "error",
  "jsx-a11y/alt-text": Array [
    "error",
    Object {
      "area": Array [],
      "elements": Array [
        "img",
        "object",
        "area",
        "input[type=\\"image\\"]",
      ],
      "img": Array [],
      "input[type=\\"image\\"]": Array [],
      "object": Array [],
    },
  ],
  "jsx-a11y/anchor-has-content": Array [
    "error",
    Object {
      "components": Array [],
    },
  ],
  "jsx-a11y/anchor-is-valid": Array [
    "error",
    Object {
      "aspects": Array [
        "noHref",
        "invalidHref",
        "preferButton",
      ],
      "components": Array [],
      "specialLink": Array [
        "hrefLeft",
        "hrefRight",
      ],
    },
  ],
  "jsx-a11y/aria-activedescendant-has-tabindex": "error",
  "jsx-a11y/aria-props": "error",
  "jsx-a11y/aria-proptypes": "error",
  "jsx-a11y/aria-role": Array [
    "error",
    Object {
      "ignoreNonDom": false,
    },
  ],
  "jsx-a11y/aria-unsupported-elements": "error",
  "jsx-a11y/click-events-have-key-events": "error",
  "jsx-a11y/heading-has-content": Array [
    "error",
    Object {
      "components": Array [
        "",
      ],
    },
  ],
  "jsx-a11y/html-has-lang": "error",
  "jsx-a11y/iframe-has-title": "error",
  "jsx-a11y/img-redundant-alt": "error",
  "jsx-a11y/interactive-supports-focus": "error",
  "jsx-a11y/label-has-for": Array [
    "error",
    Object {
      "components": Array [
        "Label",
      ],
      "required": Object {
        "some": Array [
          "nesting",
          "id",
        ],
      },
    },
  ],
  "jsx-a11y/lang": "error",
  "jsx-a11y/media-has-caption": Array [
    "error",
    Object {
      "audio": Array [],
      "track": Array [],
      "video": Array [],
    },
  ],
  "jsx-a11y/mouse-events-have-key-events": "error",
  "jsx-a11y/no-access-key": "error",
  "jsx-a11y/no-autofocus": Array [
    "error",
    Object {
      "ignoreNonDOM": true,
    },
  ],
  "jsx-a11y/no-distracting-elements": Array [
    "error",
    Object {
      "elements": Array [
        "marquee",
        "blink",
      ],
    },
  ],
  "jsx-a11y/no-interactive-element-to-noninteractive-role": Array [
    "error",
    Object {
      "tr": Array [
        "none",
        "presentation",
      ],
    },
  ],
  "jsx-a11y/no-noninteractive-element-interactions": Array [
    "error",
    Object {
      "handlers": Array [
        "onClick",
        "onMouseDown",
        "onMouseUp",
        "onKeyPress",
        "onKeyDown",
        "onKeyUp",
      ],
    },
  ],
  "jsx-a11y/no-noninteractive-element-to-interactive-role": Array [
    "error",
    Object {
      "li": Array [
        "menuitem",
        "option",
        "row",
        "tab",
        "treeitem",
      ],
      "ol": Array [
        "listbox",
        "menu",
        "menubar",
        "radiogroup",
        "tablist",
        "tree",
        "treegrid",
      ],
      "table": Array [
        "grid",
      ],
      "td": Array [
        "gridcell",
      ],
      "ul": Array [
        "listbox",
        "menu",
        "menubar",
        "radiogroup",
        "tablist",
        "tree",
        "treegrid",
      ],
    },
  ],
  "jsx-a11y/no-noninteractive-tabindex": Array [
    "error",
    Object {
      "roles": Array [
        "tabpanel",
      ],
      "tags": Array [],
    },
  ],
  "jsx-a11y/no-onchange": "off",
  "jsx-a11y/no-redundant-roles": "error",
  "jsx-a11y/no-static-element-interactions": Array [
    "error",
    Object {
      "handlers": Array [
        "onClick",
        "onMouseDown",
        "onMouseUp",
        "onKeyPress",
        "onKeyDown",
        "onKeyUp",
      ],
    },
  ],
  "jsx-a11y/role-has-required-aria-props": "error",
  "jsx-a11y/role-supports-aria-props": "error",
  "jsx-a11y/scope": "error",
  "jsx-a11y/tabindex-no-positive": "error",
  "jsx-quotes": Array [
    "off",
    "prefer-double",
  ],
  "key-spacing": Array [
    "off",
    Object {
      "afterColon": true,
      "beforeColon": false,
    },
  ],
  "keyword-spacing": Array [
    "off",
    Object {
      "after": true,
      "before": true,
      "overrides": Object {
        "case": Object {
          "after": true,
        },
        "return": Object {
          "after": true,
        },
        "throw": Object {
          "after": true,
        },
      },
    },
  ],
  "line-comment-position": Array [
    "off",
    Object {
      "applyDefaultPatterns": true,
      "ignorePattern": "",
      "position": "above",
    },
  ],
  "linebreak-style": Array [
    "error",
    "unix",
  ],
  "lines-around-comment": 0,
  "lines-around-directive": Array [
    "error",
    Object {
      "after": "always",
      "before": "always",
    },
  ],
  "lines-between-class-members": Array [
    "off",
    "always",
    Object {
      "exceptAfterSingleLine": false,
    },
  ],
  "max-depth": Array [
    "off",
    4,
  ],
  "max-len": Array [
    0,
    100,
    2,
    Object {
      "ignoreComments": false,
      "ignoreRegExpLiterals": true,
      "ignoreStrings": true,
      "ignoreTemplateLiterals": true,
      "ignoreUrls": true,
    },
  ],
  "max-lines": Array [
    "off",
    Object {
      "max": 300,
      "skipBlankLines": true,
      "skipComments": true,
    },
  ],
  "max-nested-callbacks": "off",
  "max-params": Array [
    "off",
    3,
  ],
  "max-statements": Array [
    "off",
    10,
  ],
  "max-statements-per-line": Array [
    "off",
    Object {
      "max": 1,
    },
  ],
  "multiline-comment-style": Array [
    "off",
    "starred-block",
  ],
  "multiline-ternary": Array [
    "off",
    "never",
  ],
  "new-cap": Array [
    "error",
    Object {
      "capIsNew": false,
      "capIsNewExceptions": Array [
        "Immutable.Map",
        "Immutable.Set",
        "Immutable.List",
      ],
      "newIsCap": true,
      "newIsCapExceptions": Array [],
    },
  ],
  "new-parens": "off",
  "newline-after-var": "off",
  "newline-before-return": "off",
  "newline-per-chained-call": Array [
    "off",
    Object {
      "ignoreChainWithDepth": 4,
    },
  ],
  "no-alert": "warn",
  "no-array-constructor": "error",
  "no-arrow-condition": "off",
  "no-await-in-loop": "error",
  "no-bitwise": "error",
  "no-buffer-constructor": "error",
  "no-caller": "error",
  "no-case-declarations": "error",
  "no-catch-shadow": "off",
  "no-class-assign": "error",
  "no-comma-dangle": "off",
  "no-compare-neg-zero": "error",
  "no-cond-assign": Array [
    "error",
    "except-parens",
  ],
  "no-confusing-arrow": Array [
    0,
    Object {
      "allowParens": true,
    },
  ],
  "no-console": "error",
  "no-const-assign": "error",
  "no-constant-condition": "warn",
  "no-continue": "error",
  "no-control-regex": "error",
  "no-debugger": "error",
  "no-delete-var": "error",
  "no-div-regex": "off",
  "no-dupe-args": "error",
  "no-dupe-class-members": "error",
  "no-dupe-keys": "error",
  "no-duplicate-case": "error",
  "no-duplicate-imports": "off",
  "no-else-return": Array [
    "error",
    Object {
      "allowElseIf": true,
    },
  ],
  "no-empty": Array [
    "error",
    Object {
      "allowEmptyCatch": true,
    },
  ],
  "no-empty-character-class": "error",
  "no-empty-function": Array [
    "error",
    Object {
      "allow": Array [
        "arrowFunctions",
        "functions",
        "methods",
      ],
    },
  ],
  "no-empty-pattern": "error",
  "no-eq-null": "off",
  "no-eval": "error",
  "no-ex-assign": "error",
  "no-extend-native": "error",
  "no-extra-bind": "error",
  "no-extra-boolean-cast": "error",
  "no-extra-label": "error",
  "no-extra-parens": Array [
    "off",
    "all",
    Object {
      "conditionalAssign": true,
      "enforceForArrowConditionals": false,
      "ignoreJSX": "all",
      "nestedBinaryExpressions": false,
      "returnAssign": false,
    },
  ],
  "no-extra-semi": "off",
  "no-fallthrough": "error",
  "no-floating-decimal": "off",
  "no-func-assign": "error",
  "no-global-assign": Array [
    "error",
    Object {
      "exceptions": Array [],
    },
  ],
  "no-implicit-coercion": Array [
    "off",
    Object {
      "allow": Array [],
      "boolean": false,
      "number": true,
      "string": true,
    },
  ],
  "no-implicit-globals": "off",
  "no-implied-eval": "error",
  "no-inline-comments": "off",
  "no-inner-declarations": "error",
  "no-invalid-regexp": "error",
  "no-invalid-this": "off",
  "no-irregular-whitespace": "error",
  "no-iterator": "error",
  "no-label-var": "error",
  "no-labels": Array [
    "error",
    Object {
      "allowLoop": false,
      "allowSwitch": false,
    },
  ],
  "no-lone-blocks": "error",
  "no-lonely-if": "error",
  "no-loop-func": "error",
  "no-magic-numbers": Array [
    "off",
    Object {
      "detectObjects": false,
      "enforceConst": true,
      "ignore": Array [],
      "ignoreArrayIndexes": true,
    },
  ],
  "no-mixed-operators": Array [
    0,
    Object {
      "allowSamePrecedence": false,
      "groups": Array [
        Array [
          "+",
          "-",
          "*",
          "/",
          "%",
          "**",
        ],
        Array [
          "&",
          "|",
          "^",
          "~",
          "<<",
          ">>",
          ">>>",
        ],
        Array [
          "==",
          "!=",
          "===",
          "!==",
          ">",
          ">=",
          "<",
          "<=",
        ],
        Array [
          "&&",
          "||",
        ],
        Array [
          "in",
          "instanceof",
        ],
      ],
    },
  ],
  "no-mixed-requires": Array [
    "off",
    false,
  ],
  "no-mixed-spaces-and-tabs": "off",
  "no-multi-assign": Array [
    "error",
  ],
  "no-multi-spaces": Array [
    "off",
    Object {
      "ignoreEOLComments": false,
    },
  ],
  "no-multi-str": "off",
  "no-multiple-empty-lines": Array [
    "off",
    Object {
      "max": 2,
      "maxEOF": 1,
    },
  ],
  "no-native-reassign": "off",
  "no-negated-condition": "off",
  "no-negated-in-lhs": "off",
  "no-nested-ternary": "off",
  "no-new": "error",
  "no-new-func": "error",
  "no-new-object": "error",
  "no-new-require": "error",
  "no-new-symbol": "error",
  "no-new-wrappers": "error",
  "no-obj-calls": "error",
  "no-octal": "error",
  "no-octal-escape": "error",
  "no-param-reassign": Array [
    "error",
    Object {
      "ignorePropertyModificationsFor": Array [
        "acc",
        "e",
        "ctx",
        "req",
        "request",
        "res",
        "response",
        "$scope",
      ],
      "props": true,
    },
  ],
  "no-path-concat": "error",
  "no-plusplus": "error",
  "no-process-env": "off",
  "no-process-exit": "off",
  "no-proto": "error",
  "no-prototype-builtins": "error",
  "no-redeclare": "error",
  "no-regex-spaces": "error",
  "no-reserved-keys": "off",
  "no-restricted-globals": Array [
    "off",
    Object {},
  ],
  "no-restricted-imports": "off",
  "no-restricted-modules": "off",
  "no-restricted-properties": Array [
    "error",
    Object {
      "message": "arguments.callee is deprecated",
      "object": "arguments",
      "property": "callee",
    },
    Object {
      "message": "Please use Number.isFinite instead",
      "object": "global",
      "property": "isFinite",
    },
    Object {
      "message": "Please use Number.isFinite instead",
      "object": "self",
      "property": "isFinite",
    },
    Object {
      "message": "Please use Number.isFinite instead",
      "object": "window",
      "property": "isFinite",
    },
    Object {
      "message": "Please use Number.isNaN instead",
      "object": "global",
      "property": "isNaN",
    },
    Object {
      "message": "Please use Number.isNaN instead",
      "object": "self",
      "property": "isNaN",
    },
    Object {
      "message": "Please use Number.isNaN instead",
      "object": "window",
      "property": "isNaN",
    },
    Object {
      "message": "Please use Object.defineProperty instead.",
      "property": "__defineGetter__",
    },
    Object {
      "message": "Please use Object.defineProperty instead.",
      "property": "__defineSetter__",
    },
    Object {
      "message": "Use the exponentiation operator (**) instead.",
      "object": "Math",
      "property": "pow",
    },
  ],
  "no-restricted-syntax": Array [
    "error",
    Object {
      "message": "for..in loops iterate over the entire prototype chain, which is virtually never what you want. Use Object.{keys,values,entries}, and iterate over the resulting array.",
      "selector": "ForInStatement",
    },
    Object {
      "message": "iterators/generators require regenerator-runtime, which is too heavyweight for this guide to allow them. Separately, loops should be avoided in favor of array iterations.",
      "selector": "ForOfStatement",
    },
    Object {
      "message": "Labels are a form of GOTO; using them makes code confusing and hard to maintain and understand.",
      "selector": "LabeledStatement",
    },
    Object {
      "message": "\`with\` is disallowed in strict mode because it makes code impossible to predict and optimize.",
      "selector": "WithStatement",
    },
  ],
  "no-return-assign": Array [
    "error",
    "always",
  ],
  "no-return-await": "error",
  "no-script-url": "error",
  "no-self-assign": "error",
  "no-self-compare": "error",
  "no-sequences": "error",
  "no-shadow": "error",
  "no-shadow-restricted-names": "off",
  "no-space-before-semi": "off",
  "no-spaced-func": "off",
  "no-sparse-arrays": "error",
  "no-sync": "off",
  "no-tabs": 0,
  "no-template-curly-in-string": "error",
  "no-ternary": "off",
  "no-this-before-super": "error",
  "no-throw-literal": "error",
  "no-trailing-spaces": Array [
    "off",
    Object {
      "ignoreComments": false,
      "skipBlankLines": false,
    },
  ],
  "no-undef": "off",
  "no-undef-init": "error",
  "no-undefined": "off",
  "no-underscore-dangle": Array [
    "error",
    Object {
      "allow": Array [],
      "allowAfterSuper": false,
      "allowAfterThis": false,
      "enforceInMethodNames": false,
    },
  ],
  "no-unexpected-multiline": 0,
  "no-unmodified-loop-condition": "off",
  "no-unneeded-ternary": Array [
    "error",
    Object {
      "defaultAssignment": false,
    },
  ],
  "no-unreachable": "error",
  "no-unsafe-finally": "error",
  "no-unsafe-negation": "error",
  "no-unused-expressions": Array [
    "error",
    Object {
      "allowShortCircuit": false,
      "allowTaggedTemplates": false,
      "allowTernary": false,
    },
  ],
  "no-unused-labels": "error",
  "no-unused-vars": Array [
    "off",
    Object {},
  ],
  "no-use-before-define": Array [
    "error",
    Object {
      "functions": false,
    },
  ],
  "no-useless-call": "off",
  "no-useless-computed-key": "error",
  "no-useless-concat": "error",
  "no-useless-constructor": "off",
  "no-useless-escape": "error",
  "no-useless-rename": Array [
    "error",
    Object {
      "ignoreDestructuring": false,
      "ignoreExport": false,
      "ignoreImport": false,
    },
  ],
  "no-useless-return": "error",
  "no-var": "error",
  "no-void": "error",
  "no-warning-comments": Array [
    "warn",
    Object {
      "location": "anywhere",
      "terms": Array [
        "todo",
        "fixme",
      ],
    },
  ],
  "no-whitespace-before-property": "off",
  "no-with": "error",
  "no-wrap-func": "off",
  "nonblock-statement-body-position": "off",
  "object-curly-newline": Array [
    "off",
    Object {
      "ObjectExpression": Object {
        "consistent": true,
        "minProperties": 4,
        "multiline": true,
      },
      "ObjectPattern": Object {
        "consistent": true,
        "minProperties": 4,
        "multiline": true,
      },
    },
  ],
  "object-curly-spacing": Array [
    "off",
    "always",
  ],
  "object-property-newline": Array [
    "off",
    Object {
      "allowMultiplePropertiesPerLine": true,
    },
  ],
  "object-shorthand": Array [
    "error",
    "always",
    Object {
      "avoidQuotes": true,
      "ignoreConstructors": false,
    },
  ],
  "one-var": Array [
    "error",
    "never",
  ],
  "one-var-declaration-per-line": Array [
    "off",
    "always",
  ],
  "operator-assignment": Array [
    "error",
    "always",
  ],
  "operator-linebreak": "off",
  "padded-blocks": Array [
    "off",
    Object {
      "blocks": "never",
      "classes": "never",
      "switches": "never",
    },
  ],
  "padding-line-between-statements": "off",
  "prefer-arrow-callback": Array [
    "error",
    Object {
      "allowNamedFunctions": false,
      "allowUnboundThis": true,
    },
  ],
  "prefer-const": Array [
    "error",
    Object {
      "destructuring": "any",
      "ignoreReadBeforeAssign": true,
    },
  ],
  "prefer-destructuring": Array [
    "error",
    Object {
      "AssignmentExpression": Object {
        "array": true,
        "object": true,
      },
      "VariableDeclarator": Object {
        "array": false,
        "object": true,
      },
    },
    Object {
      "enforceForRenamedProperties": false,
    },
  ],
  "prefer-numeric-literals": "error",
  "prefer-promise-reject-errors": Array [
    "error",
    Object {
      "allowEmptyReject": true,
    },
  ],
  "prefer-reflect": "off",
  "prefer-rest-params": "error",
  "prefer-spread": "error",
  "prefer-template": "error",
  "quote-props": Array [
    "off",
    "as-needed",
    Object {
      "keywords": false,
      "numbers": false,
      "unnecessary": true,
    },
  ],
  "quotes": Array [
    0,
    "single",
    Object {
      "avoidEscape": true,
    },
  ],
  "radix": "error",
  "react-native/no-color-literals": "error",
  "react-native/no-inline-styles": "error",
  "react-native/no-unused-styles": "error",
  "react-native/split-platform-components": "error",
  "react/boolean-prop-naming": Array [
    "off",
    Object {
      "propTypeNames": Array [
        "bool",
        "mutuallyExclusiveTrueProps",
      ],
      "rule": "^(is|has)[A-Z]([A-Za-z0-9]?)+",
    },
  ],
  "react/default-props-match-prop-types": Array [
    "error",
    Object {
      "allowRequiredDefaults": false,
    },
  ],
  "react/display-name": Array [
    "off",
    Object {
      "ignoreTranspilerName": false,
    },
  ],
  "react/forbid-component-props": Array [
    "off",
    Object {
      "forbid": Array [],
    },
  ],
  "react/forbid-elements": Array [
    "off",
    Object {
      "forbid": Array [],
    },
  ],
  "react/forbid-foreign-prop-types": "off",
  "react/forbid-prop-types": Array [
    "error",
    Object {
      "forbid": Array [
        "any",
        "array",
        "object",
      ],
    },
  ],
  "react/jsx-boolean-value": Array [
    "error",
    "always",
  ],
  "react/jsx-closing-bracket-location": Array [
    "off",
    "line-aligned",
  ],
  "react/jsx-closing-tag-location": "off",
  "react/jsx-curly-brace-presence": Array [
    "error",
    Object {
      "children": "never",
      "props": "never",
    },
  ],
  "react/jsx-curly-spacing": Array [
    "off",
    "never",
    Object {
      "allowMultiline": true,
    },
  ],
  "react/jsx-equals-spacing": Array [
    "off",
    "never",
  ],
  "react/jsx-filename-extension": Array [
    "off",
    Object {},
  ],
  "react/jsx-first-prop-new-line": Array [
    "off",
    "multiline-multiprop",
  ],
  "react/jsx-handler-names": Array [
    "off",
    Object {
      "eventHandlerPrefix": "handle",
      "eventHandlerPropPrefix": "on",
    },
  ],
  "react/jsx-indent": Array [
    "off",
    2,
  ],
  "react/jsx-indent-props": Array [
    "off",
    2,
  ],
  "react/jsx-key": "off",
  "react/jsx-max-props-per-line": Array [
    "off",
    Object {
      "maximum": 1,
      "when": "multiline",
    },
  ],
  "react/jsx-no-bind": Array [
    "error",
    Object {
      "allowArrowFunctions": true,
      "allowBind": false,
      "ignoreRefs": true,
    },
  ],
  "react/jsx-no-comment-textnodes": "error",
  "react/jsx-no-duplicate-props": Array [
    "error",
    Object {
      "ignoreCase": true,
    },
  ],
  "react/jsx-no-literals": Array [
    "off",
    Object {
      "noStrings": true,
    },
  ],
  "react/jsx-no-target-blank": "error",
  "react/jsx-no-undef": "off",
  "react/jsx-one-expression-per-line": "off",
  "react/jsx-pascal-case": Array [
    "error",
    Object {
      "allowAllCaps": true,
      "ignore": Array [],
    },
  ],
  "react/jsx-sort-prop-types": "off",
  "react/jsx-sort-props": Array [
    "off",
    Object {
      "callbacksLast": false,
      "ignoreCase": true,
      "noSortAlphabetically": false,
      "reservedFirst": true,
      "shorthandFirst": false,
      "shorthandLast": false,
    },
  ],
  "react/jsx-space-before-closing": Array [
    "off",
    "always",
  ],
  "react/jsx-tag-spacing": Array [
    "off",
    Object {
      "afterOpening": "never",
      "beforeSelfClosing": "always",
      "closingSlash": "never",
    },
  ],
  "react/jsx-uses-react": Array [
    "error",
  ],
  "react/jsx-uses-vars": "error",
  "react/jsx-wrap-multilines": Array [
    "off",
    Object {
      "arrow": true,
      "assignment": true,
      "declaration": true,
      "return": true,
    },
  ],
  "react/no-array-index-key": "error",
  "react/no-children-prop": "error",
  "react/no-danger": "warn",
  "react/no-danger-with-children": "error",
  "react/no-deprecated": Array [
    "error",
  ],
  "react/no-did-mount-set-state": "error",
  "react/no-did-update-set-state": "error",
  "react/no-direct-mutation-state": "off",
  "react/no-find-dom-node": "error",
  "react/no-is-mounted": "error",
  "react/no-multi-comp": Array [
    "error",
    Object {
      "ignoreStateless": true,
    },
  ],
  "react/no-redundant-should-component-update": "error",
  "react/no-render-return-value": "error",
  "react/no-set-state": "off",
  "react/no-string-refs": "error",
  "react/no-typos": "error",
  "react/no-unescaped-entities": "error",
  "react/no-unknown-property": "error",
  "react/no-unused-prop-types": Array [
    "error",
    Object {
      "customValidators": Array [],
      "skipShapeProps": true,
    },
  ],
  "react/no-unused-state": "error",
  "react/no-will-update-set-state": "error",
  "react/prefer-es6-class": Array [
    "error",
    "always",
  ],
  "react/prefer-stateless-function": Array [
    "off",
    Object {},
  ],
  "react/prop-types": Array [
    "off",
    Object {},
  ],
  "react/react-in-jsx-scope": "error",
  "react/require-default-props": "error",
  "react/require-optimization": Array [
    "off",
    Object {
      "allowDecorators": Array [],
    },
  ],
  "react/require-render-return": "error",
  "react/self-closing-comp": "error",
  "react/sort-comp": Array [
    "off",
    Object {},
  ],
  "react/sort-prop-types": Array [
    "off",
    Object {
      "callbacksLast": false,
      "ignoreCase": true,
      "requiredFirst": false,
    },
  ],
  "react/style-prop-object": "error",
  "react/void-dom-elements-no-children": "error",
  "require-await": "off",
  "require-jsdoc": "off",
  "require-yield": "error",
  "rest-spread-spacing": Array [
    "off",
    "never",
  ],
  "semi": Array [
    "off",
    "always",
  ],
  "semi-spacing": Array [
    "off",
    Object {
      "after": true,
      "before": false,
    },
  ],
  "semi-style": Array [
    "off",
    "last",
  ],
  "sort-imports": Array [
    "off",
    Object {
      "ignoreCase": false,
      "ignoreMemberSort": false,
      "memberSyntaxSortOrder": Array [
        "none",
        "all",
        "multiple",
        "single",
      ],
    },
  ],
  "sort-keys": Array [
    "off",
    "asc",
    Object {
      "caseSensitive": false,
      "natural": true,
    },
  ],
  "sort-vars": "off",
  "space-after-function-name": "off",
  "space-after-keywords": "off",
  "space-before-blocks": "off",
  "space-before-function-paren": Array [
    "off",
    Object {
      "anonymous": "always",
      "asyncArrow": "always",
      "named": "never",
    },
  ],
  "space-before-function-parentheses": "off",
  "space-before-keywords": "off",
  "space-in-brackets": "off",
  "space-in-parens": Array [
    "off",
    "never",
  ],
  "space-infix-ops": "off",
  "space-return-throw-case": "off",
  "space-unary-ops": Array [
    "off",
    Object {
      "nonwords": false,
      "overrides": Object {},
      "words": true,
    },
  ],
  "space-unary-word-ops": "off",
  "spaced-comment": Array [
    "error",
    "always",
    Object {
      "block": Object {
        "balanced": true,
        "exceptions": Array [
          "-",
          "+",
        ],
        "markers": Array [
          "=",
          "!",
        ],
      },
      "line": Object {
        "exceptions": Array [
          "-",
          "+",
        ],
        "markers": Array [
          "=",
          "!",
        ],
      },
    },
  ],
  "strict": Array [
    "error",
    "never",
  ],
  "switch-colon-spacing": Array [
    "off",
    Object {
      "after": true,
      "before": false,
    },
  ],
  "symbol-description": "error",
  "template-curly-spacing": "off",
  "template-tag-spacing": Array [
    "off",
    "never",
  ],
  "typescript/adjacent-overload-signatures": "error",
  "typescript/class-name-casing": "error",
  "typescript/explicit-function-return-type": "off",
  "typescript/explicit-member-accessibility": "error",
  "typescript/interface-name-prefix": Array [
    "error",
    "never",
  ],
  "typescript/member-delimiter-style": "off",
  "typescript/member-naming": "off",
  "typescript/member-ordering": "off",
  "typescript/no-angle-bracket-type-assertion": "error",
  "typescript/no-array-constructor": "error",
  "typescript/no-explicit-any": "error",
  "typescript/no-namespace": Array [
    "error",
    Object {
      "allowDeclarations": false,
      "allowDefinitionFiles": true,
    },
  ],
  "typescript/no-non-null-assertion": "off",
  "typescript/no-triple-slash-reference": "error",
  "typescript/no-type-alias": Array [
    "error",
    Object {
      "allowAliases": "always",
      "allowCallbacks": "always",
      "allowLiterals": "never",
      "allowMappedTypes": "always",
    },
  ],
  "typescript/no-unused-vars": "off",
  "typescript/no-use-before-define": Array [
    "error",
    Object {
      "functions": false,
    },
  ],
  "typescript/no-var-requires": "off",
  "typescript/prefer-namespace-keyword": "error",
  "typescript/type-annotation-spacing": "off",
  "unicode-bom": Array [
    "off",
    "never",
  ],
  "use-isnan": "error",
  "valid-jsdoc": "off",
  "valid-typeof": Array [
    "error",
    Object {
      "requireStringLiterals": true,
    },
  ],
  "vars-on-top": "error",
  "wrap-iife": Array [
    "off",
    "outside",
    Object {
      "functionPrototypeMethods": false,
    },
  ],
  "wrap-regex": "off",
  "yield-star-spacing": Array [
    "off",
    "after",
  ],
  "yoda": "error",
}
`;

exports[`eslint-config-react-native should properly extend parent rules: settings 1`] = `
Object {
  "import/core-modules": Array [],
  "import/extensions": Array [
    ".js",
    ".jsx",
  ],
  "import/ignore": Array [
    "node_modules",
    "\\\\.(coffee|scss|css|less|hbs|svg|json)$",
  ],
  "import/parsers": Object {
    "typescript-eslint-parser": Array [
      ".ts",
      ".tsx",
    ],
  },
  "import/resolver": Object {
    "node": Object {
      "extensions": Array [
        ".js",
        ".json",
        ".json",
      ],
    },
  },
  "propWrapperFunctions": Array [
    "forbidExtraProps",
    "exact",
    "Object.freeze",
  ],
  "react": Object {
    "pragma": "React",
    "version": "15.0",
  },
}
`;
