// Jest Snapshot v1, https://goo.gl/fbAQLP

exports[`jest-preset should match snapshot 1`] = `
Object {
  "coveragePathIgnorePatterns": Array [
    "/__docs__/",
    "/__mocks__/",
    "/__tests__/",
    "/__testutils__/",
  ],
  "coverageThreshold": Object {
    "global": Object {
      "branches": 50,
      "functions": 50,
      "lines": 50,
      "statements": 50,
    },
  },
  "moduleFileExtensions": Array [
    "ts",
    "tsx",
    "js",
    "json",
    "jsx",
    "node",
  ],
  "setupTestFrameworkScriptFile": "<rootDir>/src/__testutils__/setupTests",
  "testEnvironment": "node",
  "testMatch": Array [
    "**/__tests__/**/*.spec.ts?(x)",
  ],
  "testRunner": "jest-circus/runner",
  "transform": Object {
    "^.+\\\\.(ts|tsx)$": "babel-jest",
  },
}
`;
